{
  "ok": false,
  "report": "/Users/lienhui/Desktop/client/artifacts/test/verify-20260221-0453.md",
  "steps": [
    {
      "command": [
        "/Users/lienhui/Desktop/client/.venv/bin/python",
        "-m",
        "pytest",
        "-q"
      ],
      "returncode": 0
    },
    {
      "command": [
        "/Users/lienhui/Desktop/client/.venv/bin/python",
        "/Users/lienhui/Desktop/client/derivations/examples/lemma1_check.py"
      ],
      "returncode": 0
    },
    {
      "command": [
        "/Users/lienhui/Desktop/client/.venv/bin/python",
        "/Users/lienhui/Desktop/client/projects/rl-gridworld-qlearning/derivations/q_learning_bellman_check.py"
      ],
      "returncode": 0
    },
    {
      "command": [
        "verify_task_records"
      ],
      "returncode": 0
    },
    {
      "command": [
        "verify_citations"
      ],
      "returncode": 1
    },
    {
      "command": [
        "verify_kb_query_smoke"
      ],
      "returncode": 0
    },
    {
      "command": [
        "/Users/lienhui/Desktop/client/.venv/bin/python -m workflow kb query --task T-0015 --q 'workflow verify' --top-k 3"
      ],
      "returncode": 0
    }
  ]
}
